// Jest Snapshot v1, https://goo.gl/fbAQLP

exports[`Should render ProductsItem component 1`] = `ShallowWrapper {}`;
