// Jest Snapshot v1, https://goo.gl/fbAQLP

exports[`Should render Receipt component 1`] = `ReactWrapper {}`;
