// Jest Snapshot v1, https://goo.gl/fbAQLP

exports[`Should render ProductsList component 1`] = `ReactWrapper {}`;
