// Jest Snapshot v1, https://goo.gl/fbAQLP

exports[`Should render ReceiptItem component 1`] = `ShallowWrapper {}`;
