// Jest Snapshot v1, https://goo.gl/fbAQLP

exports[`Should render SearchPanel component 1`] = `ShallowWrapper {}`;
