// Jest Snapshot v1, https://goo.gl/fbAQLP

exports[`App component test should render App component 1`] = `ReactWrapper {}`;
